('aaflalo.me', 'https://dns-nyc.aaflalo.me/dns-query')
('aattwwss', 'https://aattwwss.duckdns.org/dns-query')
('aaytorr.com', 'https://dns.aaytorr.com/dns-query')
('abel.waringer-atg.de', 'https://abel.waringer-atg.de/dns-query')
('Absolight', 'https://res-acst1.absolight.net/dns-query')
('Absolight', 'https://res-acst3.absolight.net/dns-query')
('Absolight', 'https://resolver1.absolight.net/dns-query')
('Absolight', 'https://resolver3.absolight.net/dns-query')
('abstergo.it', 'https://block.abstergo.it/dns-query')
('AdFilter', 'https://adl.adfilter.net/dns-query')
('AdFilter', 'https://per.adfilter.net/dns-query')
('AdFilter', 'https://syd.adfilter.net/dns-query')
('AdGuard', 'https://dns.adguard.com/dns-query')
('AdGuard', 'https://dns-family.adguard.com/dns-query')
('AdGuard', 'https://unfiltered.adguard-dns.com/dns-query')
('adguardh.ga', 'https://adguardh.ga/dns-query')
('Adrian Lam', 'https://dns.adrianlam.com/dns-query')
('aFixer', 'https://shield.afixer.app/dns-query')
('AhaDNS Blitz', 'https://blitz.ahadns.com')
('AhaDNS Blitz', 'https://blitz.ahadns.com/1')
('AhaDNS Blitz', 'https://blitz.ahadns.com/1')
('AhaDNS', 'https://doh.nl.ahadns.net/dns-query')
('Aihe', 'https://aihe.app/dns-query')
('alekberg', 'https://dnsnl.alekberg.net/dns-query')
('alekberg', 'https://dnsse.alekberg.net/dns-query')
('alekberg', 'https://dnsnl-noads.alekberg.net/dns-query')
('alekberg', 'https://dnsse-noads.alekberg.net/dns-query')
('Alibaba Public DNS', 'https://dns.alidns.com/dns-query')
('alloxr.info', 'https://dns.alloxr.info/dns-query')
('Almir1904', 'https://dns.almir1904.eu/dns-query')
('Alvosec', 'https://dns.alvosec.com/dns-query')
('Ambiya', 'https://adguard.ambiya.net/dns-query')
('amlegion.org', 'https://mailer.amlegion.org/dns-query')
('Andrew', 'https://dns.andrewnw.xyz/dns-query')
('Andrews & Arnold', 'https://dns.aa.net.uk/dns-query')
('Apem Legit', 'https://d.apemlegit.my.id/dns-query')
('armorrush', 'https://armorrush.eu.org/dns-query')
('Artikel10', 'https://dns.artikel10.org/dns-query')
('Asteroid B612', 'https://dns.b612.me/dns-query')
('AT&T', 'https://dohtrial.att.net')
('Avast', 'https://secure.avastdns.com/dns-query')
('Aviontex', 'https://dns.keweon.center/dns-query')
('Awan.ftp.sh', 'https://awan.ftp.sh/dns-query')
('Awan.ftp.sh', 'https://awan.ftp.sh/no-vice')
('Awan.ftp.sh', 'https://awan.ftp.sh/noporn-cl')
('Awan.ftp.sh', 'https://awan.ftp.sh/unblocked')
('aws.ketan.dev', 'https://pihole.aws.ketan.dev/dns-query')
('axaxa', 'https://axaxa.fun/dns-query')
('b33', 'https://dns.b33.space/dns-query')
('Bancuh', 'https://sg-dns1.bancuh.com/dns-query')
('Bancuh', 'https://fr-dns1.bancuh.com/dns-query')
('Bancuh', 'https://jp-dns1.bancuh.com/dns-query')
('bcandrade', 'https://bcandrade.ml/dns-query')
('BebasDNS', 'https://dns.bebasid.com/dns-query')
('beliefanx.cn', 'https://adguard.beliefanx.cn/dns-query')
('Belnet', 'https://dns.belnet.be/dns-query')
('benpro', 'https://dns.benpro.fr/dns-query')
('bit-trail.nl', 'https://ns3.bit-trail.nl/dns-query')
('Bitdefender', 'https://dns.bitdefender.net/dns-query')
('bitteeinbyte.de', 'https://adguard.bitteeinbyte.de/dns-query')
('Blahdns', 'https://doh-ch.blahdns.com/dns-query')
('Blahdns', 'https://doh-sg.blahdns.com/dns-query')
('Blahdns', 'https://doh-fi.blahdns.com/dns-query')
('Blahdns', 'https://doh-jp.blahdns.com/dns-query')
('Blahdns', 'https://doh-de.blahdns.com/dns-query')
('BlissDNS', 'https://us1.blissdns.net/dns-query')
('Blokada DNS', 'https://dns.blokada.org/dns-query')
('bluemood', 'https://bluemood.me/dns-query')
('Bob Strecansky', 'https://dns.bobstrecansky.com/dns-query')
('boje8.me', 'https://doh.boje8.me/dns-query')
('Bortzmeyer', 'https://doh.bortzmeyer.fr')
('bosco.ovh', 'https://cloudns.bosco.ovh/dns-query')
('Brahma World', 'https://dns.brahma.world/dns-query')
('BT', 'https://doh.bt.com')
('Bunny', 'https://doh1.b-cdn.net/dns-query')
('bw.i81.ru', 'https://dns.bw.i81.ru/dns-query')
('C-dns', 'https://www.c-dns.com/dns-query')
('carson-family.com', 'https://dns.carson-family.com/dns-query')
('cbio.top', 'https://dns2.cbio.top/dns-query')
('Ccb-net', 'https://doh.ccb-net.it')
('Charter', 'https://doh-01.spectrum.com/dns-query')
('Charter', 'https://doh-02.spectrum.com/dns-query')
('chenu.ch', 'https://dns.chenu.ch/dns-query')
('Chromeina', 'https://dns.chromeina.top/dns-query')
('Chungyu', 'https://oraclejp2.chungyu.com/dns-query')
('CIRA Canadian Shield', 'https://private.canadianshield.cira.ca/dns-query')
('CIRA Canadian Shield', 'https://protected.canadianshield.cira.ca/dns-query')
('CIRA Canadian Shield', 'https://family.canadianshield.cira.ca/dns-query')
('Cisco Umbrella (OpenDNS)', 'https://doh.opendns.com/dns-query')
('Cisco Umbrella (OpenDNS)', 'https://doh.familyshield.opendns.com/dns-query')
('Clanless.ovh', 'https://dns.clanless.ovh/dns-query')
('CleanBrowsing', 'https://doh.cleanbrowsing.org/doh/family-filter/')
('CleanBrowsing', 'https://doh.cleanbrowsing.org/doh/adult-filter/')
('CleanBrowsing', 'https://doh.cleanbrowsing.org/doh/security-filter/')
('CLEARVIEW', 'https://cvt-ic-us-adns-001.clearviewtechnology.net/dns-query')
('Cloudflare', 'https://cloudflare-dns.com/dns-query')
('Cloudflare', 'https://mozilla.cloudflare-dns.com/dns-query')
('Cloudflare', 'https://security.cloudflare-dns.com/dns-query')
('Cloudflare', 'https://family.cloudflare-dns.com/dns-query')
('Cloudflare', 'https://dns64.cloudflare-dns.com/dns-query')
('cloudnx.cloud', 'https://dns-secondary.cloudnx.cloud/dns-query')
('COLA16K', 'https://jpdns.cola16.app/dns-query')
('Comcast', 'https://doh.xfinity.com/dns-query')
('comeonjames.club', 'https://dns.comeonjames.club/dns-query')
('Computer Incident Response Center Luxembourg', 'https://dns.circl.lu/dns-query')
('Comss', 'https://dns.comss.one/dns-query')
('connect.fail', 'https://dns.connect.fail/dns-query')
('ControlD', 'https://freedns.controld.com/p0')
('ControlD', 'https://freedns.controld.com/p1')
('ControlD', 'https://freedns.controld.com/p2')
('ControlD', 'https://freedns.controld.com/p3')
('ControlD', 'https://freedns.controld.com/family')
('ControlD', 'https://freedns.controld.com/x-oisd')
('cossxiu', 'https://cossxiu.ga/dns-query')
('cwlys.com', 'https://dns.cwlys.com/dns-query')
('CZ.NIC', 'https://odvr.nic.cz/dns-query')
('d365.in', 'https://dns.d365.in/dns-query')
('d94.xyz', 'https://dns.d94.xyz/dns-query')
('d96.info', 'https://dns.d96.info/dns-query')
('Daegan Nesselrode', 'https://adguard.dtness.com/dns-query')
('Daniel Woffinden', 'https://dns.daw.dev/dns-query')
('Danielle McLean', 'https://ns.00dani.me/dns-query')
('darkness.is.my.waifu', 'https://darkness.is.my.waifu.cz/dns-query')
('data.haus', 'https://mail.data.haus/dns-query')
('DataCore', 'https://doh.datacore.ch/dns-query')
('Datahata.by', 'https://doh.datahata.by/dns-query')
('datamatter.co.za', 'https://pihole.datamatter.co.za/dns-query')
('Decloudus', 'https://dns.decloudus.com/dns-query')
('Dekonix.ru', 'https://adguard.dekonix.ru/dns-query')
('depieri.net', 'https://adguard.depieri.net/dns-query')
('dessoi.cloud', 'https://adguard.dessoi.cloud/dns-query')
('Detoxify Porn Blocker', 'https://doh-primary-pool.detoxifypornblocker.com/dns-query')
('dewed.de', 'https://mainframe.dewed.de/dns-query')
('dgca.myds.me', 'https://dgca.myds.me/dns-query')
('dgea.fr', 'https://dns.dgea.fr/dns-query')
('Digitale Gesellschaft', 'https://dns.digitale-gesellschaft.ch/dns-query')
('Disconnect.app', 'https://doh.disconnect.app/dns-query')
('dns0.eu', 'https://open.dns0.eu')
('dns0.eu', 'https://dns0.eu')
('dns0.eu', 'https://zero.dns0.eu')
('dns0.eu', 'https://kids.dns0.eu')
('DNS For Family', 'https://dns-doh.dnsforfamily.com/dns-query')
('dns.digitalsize.net', 'https://dns.digitalsize.net/dns-query')
('dns.linkr.ninja', 'https://dns.linkr.ninja/dns-query')
('dns.nomu.pw', 'https://ttag.dns.nomu.pw/dns-query')
('DNS.SB', 'https://doh.dns.sb/dns-query')
('DNS.SB', 'https://doh.sb/dns-query')
('dns.terumi.club', 'https://apne1.dns.terumi.club/dns-query')
('DNS4all', 'https://doh.dns4all.eu/dns-query')
('dns4me', 'https://nz01.dns4me.net')
('dns4me', 'https://au01.dns4me.net')
('dns4me', 'https://au02.dns4me.net')
('dns4me', 'https://sg01.dns4me.net')
('dns4me', 'https://uk01.dns4me.net')
('dns4me', 'https://us01.dns4me.net')
('dns4me', 'https://us02.dns4me.net')
('dns4me', 'https://sa01.dns4me.net')
('dns4me', 'https://ca01.dns4me.net')
('dns4me', 'https://ca02.dns4me.net')
('dnsadguard.co.uk', 'https://www.dnsadguard.co.uk/dns-query')
('dnscrypt.ca', 'https://dns1.dnscrypt.ca::453/dns-query')
('dnsenc.com', 'https://dnsenc.com/dns-query')
('dnsforge.de', 'https://dnsforge.de/dns-query')
('dnsHome.de', 'https://dns.dnshome.de/dns-query')
('dnslow.me', 'https://dnslow.me/dns-query')
('DNSPod', 'https://dns.pub/dns-query')
('dnswarden', 'https://dns.dnswarden.com/adblock')
('dnswarden', 'https://dns.dnswarden.com/uncensored')
('dnswarden', 'https://dns.dnswarden.com/adultfilter')
('DoTLS', 'https://ns1.dotls.org/dns-query')
('dscloud.me', 'https://doh.dscloud.me/dns-query')
('Dukun.de', 'https://dukun.de/dns-query')
('DutchWhite', 'https://dns.dutchwhite.nl/dns-query')
('Edgy DNS', 'https://edgy-dns.com/dns-query')
('edison42.dev', 'https://dns.edison42.dev/dns-query')
('ef67daisuki.club', 'https://adguard.ef67daisuki.club/dns-query')
('elbschloss.xyz', 'https://hole.elbschloss.xyz/dns-query')
('Element', 'https://dns.unerror.network/dns-query')
('Elemental Software', 'https://dns.elemental.software/dns-query')
('Elli', 'https://dns.ellichua.com/dns-query')
('elshad-adgh-dns.ru', 'https://www.elshad-adgh-dns.ru/dns-query')
('Emiliyan Parvanov', 'https://dns.emiliyan.com/dns-query')
('Extrawdw', 'https://dns.extrawdw.net/dns-query')
('eyecay.xyz', 'https://fra1.eyecay.xyz/dns-query')
('FAELIX', 'https://rdns.faelix.net/')
('FAELIX', 'https://pdns.faelix.net/')
('Familia', 'https://dnsvps.familiamv.ml/dns-query')
('Fancyorg.at', 'https://dns.fancyorg.at/dns-query')
('faze.dev', 'https://dns.faze.dev/dns-query')
('ff0x', 'https://ag.ff0x.ca/dns-query')
('ffmuc.net', 'https://doh.ffmuc.net/dns-query')
('FilipCCz.eu', 'https://dns.filipccz.eu/dns-query')
('Flm9.net', 'https://dns01.flm9.net/dns-query')
('floDNS', 'https://ns1.flodns.net/dns-query')
('floDNS', 'https://ns2.flodns.net/dns-query')
('flymc.cc', 'https://dns.flymc.cc/dns-query')
('fmipauns', 'https://dns.mipauns.com/dns-query')
('fomichev.cloud', 'https://gateway.fomichev.cloud/dns-query')
('Foundation for Applied Privacy', 'https://doh.applied-privacy.net/query')
('Froth.zone', 'https://dns.froth.zone/dns-query')
('FutaDNS', 'https://doh.futa.gg/dns-query')
('gbrossi.com.br', 'https://adguard.gbrossi.com.br/dns-query')
('gclouddns', 'https://gclouddns.com/dns-query')
('Gnb09', 'https://dns.gnb09.id/dns-query')
('Google', 'https://dns.google/dns-query')
('Google', 'https://dns64.dns.google/dns-query')
('Google', 'https://8888.google/dns-query')
('groupy.ga', 'https://groupy.ga/dns-query')
('gslb2.xfinity.com', 'https://doh2.gslb2.xfinity.com/dns-query')
('gustamadh', 'https://gustamadh.dynv6.net/dns-query')
('Gustavus Adolphus College', 'https://cluster-0.gac.edu/dns-query')
('Gustavus Adolphus College', 'https://cluster-1.gac.edu/dns-query')
('gztech', 'https://gztech.me/dns-query')
('ha-dvin.pp.ua', 'https://dns.ha-dvin.pp.ua/dns-query')
('HafidzRadhivalDNS', 'https://dns.hafidzradhival.my.id/dns-query')
('HaNeulo', 'https://adguard.haneulo.com/dns-query')
('haoxuan.xyz', 'https://dns.haoxuan.xyz/dns-query')
('HeliumCloud', 'https://us-ny-alula.heliumcloud.cc/dns-query')
('heronet', 'https://ad1.heronet.nl/dns-query')
('Hinet', 'https://dns.hinet.net/dns-query')
('hitian.me', 'https://hitian.me/dns-query')
('Hoerli.NET', 'https://pihole1.hoerli.net/dns-query')
('Hoerli.NET', 'https://pihole2.hoerli.net/dns-query')
('Hoerli.NET', 'https://pihole4.hoerli.net/dns-query')
('home27', 'https://home27.duckdns.org/dns-query')
('Hostux.net', 'https://dns.hostux.net/dns-query')
('Hostux.net', 'https://dns.hostux.net/ads')
('Huque', 'https://doth.huque.com/dns-query')
('Hurricane Electric (he.net)', 'https://ordns.he.net/dns-query')
('i2pd', 'https://opennic.i2pd.xyz/dns-query')
('ihatemy.live', 'https://adguard.ihatemy.live/dns-query')
('ihctw', 'https://ihctw.synology.me/dns-query')
('ikataruto.com', 'https://dns.ikataruto.com/dns-query')
('iKuuu VPN', 'https://doh.buzz/dns-query')
('iKuuu VPN', 'https://doh.beauty/dns-query')
('imaicool.com', 'https://dns.imaicool.com/dns-query')
('In-Berlin', 'https://dns1.in-berlin.de/dns-query')
('Indus.me', 'https://dns.indust.me/dns-query')
('Institut national de recherche en sciences et technologies du numérique', 'https://qlf-doh.inria.fr/dns-query')
('Institute of Operating Systems and Computer Networks', 'https://doh.ibr.cs.tu-bs.de/dns-query')
('Internet Initiative Japan', 'https://public.dns.iij.jp/dns-query')
('Invisv', 'https://dns.invisv.com/dns-query')
('IPv6DNS', 'https://dns.ipv6dns.com/dns-query')
('Irre.li', 'https://irre.li/dns-query')
('Iruma Technology', 'https://dns1.irumatech.com/dns-query')
('IT Нинзя', 'https://dns.iamninja.ru/dns-query')
('itdept.pro', 'https://dns.itdept.pro/dns-query')
('Jackyes.ovh', 'https://jackyes.ovh/dns-query')
('jamesxue.xyz', 'https://tj.jamesxue.xyz/dns-query')
('Jfchenier.ca', 'https://adguard.jfchenier.ca/dns-query')
('jnorton.us', 'https://adg.jnorton.us/dns-query')
('joaofidelix.com.br', 'https://dns.joaofidelix.com.br/dns-query')
('Jonas Hahnfeld', 'https://dns.hahnjo.de/dns-query')
('jp.tiar.app', 'https://jp.tiar.app/dns-query')
('jp.tiar.app', 'https://jp.tiarap.org/dns-query')
('jsanagustin.net', 'https://adguard1.jsanagustin.net/dns-query')
('Jucker Software Engineering', 'https://dns.jucker.engineering/dns-query')
('jurre-home', 'https://jurre-home.duckdns.org/dns-query')
('Kamil Szczepański', 'https://dns.kamilszczepanski.com/dns-query')
('Karl.ONE', 'https://dns.karl.one/dns-query')
('Kawa.tf', 'https://dns.kawa.tf/dns-query')
('keithchung', 'https://keithchung.hopto.org/dns-query')
('Kernel-error', 'https://dns.kernel-error.de/dns-query')
('kescherDNS', 'https://dns.kescher.at/dns-query')
('kilabit.info', 'https://kilabit.info/dns-query')
('Killtw.im', 'https://doh.killtw.im/dns-query')
('Kishore', 'https://adguard.avdkishore.dev/dns-query')
('korzhov', 'https://korzhov.dev/dns-query')
('kpsn.org', 'https://dart.kpsn.org/dns-query')
('Krnl.eu', 'https://xray.krnl.eu/dns-query')
('krtekvpn', 'https://krtekvpn.duckdns.org/dns-query')
('La Contre-Voie', 'https://doh.lacontrevoie.fr/dns-query')
('Lars Lehmn', 'https://dns.lars-lehmann.net/dns-query')
('Lastentarvike', 'https://lastentarvike.fi/dns-query')
('LavaDNS', 'https://eu1.dns.lavate.ch/dns-query')
('leadmon.net', 'https://adguard1.leadmon.net/dns-query')
('lege.despagne.net', 'https://adguard.lege.despagne.net/dns-query')
('lekdijk.online', 'https://externalmobiel.lekdijk.online/dns-query')
('Limo Telu', 'https://sby-doh.limotelu.org/dns-query')
('Lindung', 'https://lindung.pp.ua/dns-query')
('Lindung', 'https://lindung.pp.ua/family')
('lz0724.com', 'https://orau.lz0724.com/dns-query')
('maolaohei.xyz', 'https://dns.maolaohei.xyz/dns-query')
('Masters of Cloud', 'https://masters-of-cloud.de/dns-query')
('meddy94.de', 'https://adguard.meddy94.de/dns-query')
('Meeo.win', 'https://dns.meeo.win/dns-query')
('MegaNerd', 'https://chewbacca.meganerd.nl/dns-query')
('Meshkov.info', 'https://testaghome.meshkov.info/dns-query')
('mhsystems.net', 'https://securenet.mhsystems.net/dns-query')
('mikeliu.org', 'https://dns.mikeliu.org/dns-query')
('Minh Truong', 'https://dns.truong.fi/dns-query')
('Mobik', 'https://dnstls.mobik.com/dns-query')
('modr.club', 'https://ps1.modr.club/dns-query')
('Molinero', 'https://dns.molinero.dev/dns-query')
('moog.sh', 'https://dns.moog.sh/dns-query')
('moonssif.com', 'https://dns.moonssif.com/dns-query')
('Morbitzer', 'https://www.morbitzer.de/dns-query')
('msr177', 'https://msr177.com/dns-query')
('msxnet.ru', 'https://dns.msxnet.ru/dns-query')
('Mullvad', 'https://doh.mullvad.net/dns-query')
('Mullvad', 'https://adblock.doh.mullvad.net/dns-query')
('MULTIMEDIA CONCEPT', 'https://blockerads.multimediaconcept.fr/dns-query')
('murgi.de', 'https://dns.murgi.de/dns-query')
('muxinghe.cn', 'https://dns.muxinghe.cn/dns-query')
('muxyuji.ru', 'https://www.muxyuji.ru/dns-query')
('mydns.network', 'https://freedom.mydns.network/dns-query')
('MyFRITZ', 'https://echoe1yidzu4ioo5.myfritz.net/dns-query')
('Myon', 'https://blackhole.myon.lu/dns-query')
('mytm.cc', 'https://vm.mytm.cc/dns-query')
('mywire.org', 'https://area51.mywire.org/dns-query')
('mzrme.cn', 'https://dns.mzrme.cn/dns-query')
('nas-server.ru', 'https://dns.nas-server.ru/dns-query')
('neocortex.dk', 'https://dns.norvig.dk/dns-query')
('Neubsi', 'https://dns.neubsi.at/dns-query')
('Nexific.it', 'https://doh.luigi.nexific.it/dns-query')
('NextDNS', 'https://dns.nextdns.io')
('Nhtsky', 'https://dns.nhtsky.com/dns-query')
('NIC.LV', 'https://doh.lv/dns-query')
('NIC.LV', 'https://doh.nic.lv/dns-query')
('NiYaWe', 'https://doh.niyawe.de/dns-query')
('Njalla', 'https://dns.njal.la/dns-query')
('No Ad DNS', 'https://resolver.noaddns.com/dns-query')
('Node15', 'https://pi1.node15.com/dns-query')
('nolo.ltd', 'https://sink.nolo.ltd/dns-query')
('novali.date', 'https://dns.novali.date/dns-query')
('Novg.net', 'https://dns.novg.net/dns-query')
('ns', 'https://n5.lsasss.com/dns-query')
('NS3', 'https://dns8.org/dns-query')
('NS3', 'https://n0.eu/dns-query')
('NS3', 'https://ns3.com/dns-query')
('NS3', 'https://ns3.cx/dns-query')
('NS3', 'https://ns3.link/dns-query')
('Nullgate.net', 'https://dns.nullgate.net/dns-query')
('o1lt', 'https://o1.lt/dns-query')
('ofdoom.net', 'https://dns.ofdoom.net/dns-query')
('OneDNS.cc', 'https://secure.onedns.cc/dns-query')
('OneDNS.net', 'https://doh.onedns.net/dns-query')
('Open BLD DNS', 'https://a-bld.sys-adm.in/dns-query')
('Open BLD DNS', 'https://bld.sys-adm.in/dns-query')
('opnsource.com.au', 'https://dns.opnsource.com.au/dns-query')
('osefcorp', 'https://osefcorp.duckdns.org/dns-query')
('Ozérim', 'https://1a.ns.ozer.im/dns-query')
('PaesaDNS', 'https://dns.paesa.es/dns-query')
('PanSzelescik', 'https://dns.panszelescik.pl/dns-query')
('Path of Grace', 'https://doh.gcp.pathofgrace.com/dns-query')
('piekacz.pl', 'https://adguard.piekacz.pl/dns-query')
('pleumkungz.com', 'https://thanos.pleumkungz.com/dns-query')
('porteii', 'https://dns.porteii.com/dns-query')
('PriviLab.net', 'https://dns.privilab.net/dns-query')
('project-evoex', 'https://project-evoex.de/dns-query')
('punono', 'https://punono.duckdns.org/dns-query')
('PureDNS', 'https://puredns.org/dns-query')
('Qihoo 360', 'https://doh.360.cn/dns-query')
('qquackDNS', 'https://ns1.qquack.org/dns-query')
('Quad9', 'https://dns.quad9.net/dns-query')
('Quad9', 'https://dns9.quad9.net/dns-query')
('Quad9', 'https://dns10.quad9.net/dns-query')
('Quad9', 'https://dns11.quad9.net/dns-query')
('QWER DNS', 'https://ant.dns.qwer.pw/dns-query')
('QWER DNS', 'https://dog.dns.qwer.pw/dns-query')
('QWER DNS', 'https://lion.dns.qwer.pw/dns-query')
('QWER DNS', 'https://tiger.dns.qwer.pw/dns-query')
('QWER DNS', 'https://frog.dns.qwer.pw/dns-query')
('R0cket', 'https://resolver.r0cket.net/dns-query')
('R1BNC', 'https://r1bnc.com/dns-query')
('rafn.is', 'https://dns.rafn.is/dns-query')
('Rahul', 'https://ag.ssrahul96.xyz/dns-query')
('Rayneau', 'https://rayneau.fr/dns-query')
('reckoningslug', 'https://dns.reckoningslug.name/dns-query')
('Restena', 'https://kaitain.restena.lu/dns-query')
('RethinkDNS', 'https://basic.rethinkdns.com/dns-query')
('RethinkDNS', 'https://sky.rethinkdns.com/1')
('Rezhajul', 'https://doh.rezhajul.io/dns-query')
('rferee.dev', 'https://resolver.rferee.dev/dns-query/')
('Rin.sh', 'https://dns.rin.sh/dns-query')
('ronc.ru', 'https://dns.ronc.ru/dns-query')
('RoTunneling', 'https://dns.rotunneling.net/dns-query/public')
('RougaCh', 'https://adguard-dns.rouga.ch/dns-query')
('SafeServe', 'https://safeservedns.com/dns-query')
('Safe Surfer', 'https://doh.safesurfer.io/dns-query')
('Saikat', 'https://o.rsaikat.com/dns-query')
('sbdns.co.in', 'https://sbdns.co.in/dns-query')
('Sellan DNS', 'https://dns.sellan.fr/dns-query')
('shalenkov', 'https://shalenkov.dev/dns-query')
('Shecan', 'https://free.shecan.ir/dns-query')
('Shecan', 'https://dns.shecan.ir/dns-query')
('Shecan', 'https://pro.shecan.ir/dns-query')
('Shimul D', 'https://do.shimul.me/dns-query')
('Shimul D', 'https://dns.shimul.me/dns-query')
('Shunhang', 'https://dns.lsho.top::444/dns-query')
('Shuting', 'https://adguard.shuting.idv.tw/dns-query')
('Silen.org', 'https://dns.silen.org/dns-query')
('Silentlybren', 'https://dns.silentlybren.com/dns-query')
('siry.de', 'https://dns.siry.de/dns-query')
('sitdns', 'https://sitdns.com/dns-query')
('skrep.eu', 'https://dns.skrep.eu/dns-query')
('Slinkyman.net', 'https://dns.slinkyman.net/dns-query')
('Softcom', 'https://clientdns3.softcom.net/dns-query')
('SPIL', 'https://dns.spil.co.id/dns-query')
('Startup Stack', 'https://dns.startupstack.tech/dns-query')
('Studentenstadt Freimann', 'https://muli.stusta.mhn.de/dns-query')
('Studentenstadt Freimann', 'https://esel.stusta.mhn.de/dns-query')
('stvsk.ml', 'https://dns.stvsk.ml/dns-query')
('SunTrack', 'https://guard.sntrk.ru/dns-query')
('Surfshark', 'https://dns.surfshark.com/dns-query')
('surt', 'https://surt.ml/dns-query')
('SWITCH', 'https://dns.switch.ch/dns-query')
('Syaifullah', 'https://dns.syaifullah.com/dns-query')
('Syshero', 'https://doh.syshero.org/dns-query')
('t53.de', 'https://dns.t53.de/dns-query')
('Telekom Deutschland', 'https://dns.telekom.de/dns-query')
('TeraDNS', 'https://de.teradns.org/dns-query')
('TeraDNS', 'https://ny.teradns.org/dns-query')
('TÉZOÏ', 'https://cloud.tezoi.com/dns-query')
('therifleman.name', 'https://dns.therifleman.name/dns-query')
('Tiarap', 'https://doh.tiar.app/dns-query')
('Tiarap', 'https://doh.tiarap.org/dns-query')
('Timmes.nl', 'https://timmes.nl/dns-query')
('tk31z', 'https://tk31z.com/dns-query')
('Tls-data.de', 'https://dns.tls-data.de/dns-query')
('tlz.asia', 'https://tlz.asia/dns-query')
('toairs', 'https://d.toairs.com/dns-query')
('Totoro625', 'https://doh.totoro.pub/dns-query/')
('TPM', 'https://dns.apigw.online/dns-query')
('tuandns', 'https://tuandns.duckdns.org/dns-query')
('tungdnsne', 'https://tungdnsne.duckdns.org/dns-query')
('TWNIC', 'https://dns.twnic.tw/dns-query')
('Tyler G. Wahl', 'https://dns-east.tylerwahl.com/dns-query')
('typaza', 'https://typaza.com/dns-query')
('Ueni.dyndns.org', 'https://ueni.dyndns.org/dns-query')
('Università di Padova', 'https://galileo.math.unipd.it/dns-query')
('Unstoppable Domains', 'https://resolver.unstoppable.io/dns-query')
('Vasili Sviridov', 'https://tor.vasi.li/dns-query')
('vendor vista', 'https://securedns.vendorvista.xyz/dns-query')
('VinnyP', 'https://dns.vinnyp.xyz/dns-query')
('Virga DNS', 'https://virga.pp.ua/dns-query')
('Virga DNS', 'https://virga.pp.ua/porn')
('vMath', 'https://dns.vmath.my.id/dns-query')
('wakgood', 'https://dns.wakgood.net/dns-query')
('wantaquddin', 'https://wantaquddin.com/dns-query')
('xcom.pro', 'https://doh.xcom.pro/dns-query')
('xenergy.cc', 'https://xenergy.cc/dns-query')
('Yarp', 'https://yarp.lefolgoc.net/dns-query')
('yazilimatolye.com', 'https://lion.yazilimatolye.com/dns-query')
('ychen.cf', 'https://ychen.cf/dns-query')
('ychen', 'https://ychen.ga/dns-query')
('Youni', 'https://dns.youni.win/dns-query')
('yovbak', 'https://yovbak.com/dns-query')
('Zfsystem', 'https://dns.zfsystem.tech/dns-query')
('zxcvb.pp.ua', 'https://zxcvb.pp.ua/dns-query')
('0ooo.icu', 'https://dns.0ooo.icu/dns-query')
('240130034.xyz', 'https://t2c.240130034.xyz/dns-query')
('280blocker', 'https://doh003.280blocker.net/dns-query')
('52306.org', 'https://dns.52306.org/dns-query')
('5ososea', 'https://dns.5ososea.com/dns-query')
('5ososea', 'https://family.5ososea.com/dns-query')
('5ososea', 'https://kids.5ososea.com/dns-query')
('68360612.xyz', 'https://jp.68360612.xyz/dns-query')
('7sec', 'https://dns.7sec.com.br/dns-query/')
('7vpn', 'https://dns.7vpn.com/dns-query')
('886886886.xyz', 'https://dns.886886886.xyz/dns-query')
('@jedisct1', 'https://doh.crypto.sx/dns-query')
('@null31', 'https://ibuki.cgnat.net/dns-query')
('@publicarray', 'https://doh-2.seby.io/dns-query')
